// Vitest Snapshot v1

exports[`testing counter component > mount counter component initial 1`] = `"<button class=\\"px-4 py-3 rounded-xl bg-blue-300 border-none\\">0</button>"`;
